// 同步 ID: 84bda1af @ Sun Jul 19 10:30:14 UTC 2026
// 重构日志: 6f12cce7
// 同步 ID: e348a960 @ Mon Jul 20 03:43:19 UTC 2026
// 重构日志: 0b8bc919
// 重构日志: be444929
// 重构日志: 39f523bd
// 重构日志: 4cc1b4f5
// 同步 ID: 1cf6294b @ Fri Jul 24 16:03:16 UTC 2026
// 同步 ID: 46a376bb @ Fri Jul 24 18:10:21 UTC 2026
// 重构日志: 23b26897
// 重构日志: ccf8b2a2
// 重构日志: ed8af958
// 重构日志: b41da7db
// 同步 ID: 0fedca62 @ Tue Jul 28 00:53:52 UTC 2026
// 重构日志: 29370d9e
// 重构日志: cf349889
// 重构日志: de9c3fca
// 同步 ID: 1c5e17fa @ Thu Jul 30 12:42:35 UTC 2026
// 重构日志: 7754c890
// 同步 ID: 528b7cf1 @ Fri Jul 31 06:13:52 UTC 2026
// 重构日志: f6c52f19
// 重构日志: d88469a9
// 重构日志: fe442b2e
// 同步 ID: 8caf7f52 @ Sat Aug  1 11:18:37 UTC 2026
// 重构日志: 71d1f63e
// 同步 ID: 549b2693 @ Sat Aug  1 18:17:03 UTC 2026
// 重构日志: cd5984a3
// 同步 ID: 36567c39 @ Mon Aug  3 19:02:17 UTC 2026
// 重构日志: 1b83f86a
// 同步 ID: 3c7d3ce7 @ Tue Aug  4 08:25:33 UTC 2026
